Category: 📺央视频道, Name: CCTV-1, Total: 54, Valid: 24, Valid Percent: 44.44%, IPv4: 54, IPv6: 0, Min Delay: 160 ms, Max Speed: 7.97 M/s, Avg Speed: 1.95 M/s, Max Resolution: 1920x1080
Category: 📺央视频道, Name: CCTV-2, Total: 56, Valid: 29, Valid Percent: 51.79%, IPv4: 56, IPv6: 0, Min Delay: 67 ms, Max Speed: 83.48 M/s, Avg Speed: 6.03 M/s, Max Resolution: 1920x1080
Category: 📺央视频道, Name: CCTV-3, Total: 55, Valid: 26, Valid Percent: 47.27%, IPv4: 55, IPv6: 0, Min Delay: 184 ms, Max Speed: 15.83 M/s, Avg Speed: 2.43 M/s, Max Resolution: 1920x1080
Category: 📺央视频道, Name: CCTV-4, Total: 58, Valid: 23, Valid Percent: 39.66%, IPv4: 58, IPv6: 0, Min Delay: 216 ms, Max Speed: 15.85 M/s, Avg Speed: 4.12 M/s, Max Resolution: 1920x1080
Category: 📺央视频道, Name: CCTV-5, Total: 65, Valid: 35, Valid Percent: 53.85%, IPv4: 65, IPv6: 0, Min Delay: 128 ms, Max Speed: 15.05 M/s, Avg Speed: 4.13 M/s, Max Resolution: 1920x1080
Category: 📺央视频道, Name: CCTV-5+, Total: 28, Valid: 11, Valid Percent: 39.29%, IPv4: 28, IPv6: 0, Min Delay: 203 ms, Max Speed: 12.67 M/s, Avg Speed: 1.33 M/s, Max Resolution: 1920x1080
Category: 📺央视频道, Name: CCTV-6, Total: 58, Valid: 30, Valid Percent: 51.72%, IPv4: 58, IPv6: 0, Min Delay: 154 ms, Max Speed: 17.68 M/s, Avg Speed: 3.35 M/s, Max Resolution: 1920x1080
Category: 📺央视频道, Name: CCTV-7, Total: 50, Valid: 25, Valid Percent: 50.00%, IPv4: 50, IPv6: 0, Min Delay: 72 ms, Max Speed: 77.52 M/s, Avg Speed: 5.72 M/s, Max Resolution: 1920x1080
Category: 📺央视频道, Name: CCTV-8, Total: 59, Valid: 33, Valid Percent: 55.93%, IPv4: 59, IPv6: 0, Min Delay: 116 ms, Max Speed: 15.44 M/s, Avg Speed: 2.51 M/s, Max Resolution: 1920x1080
Category: 📺央视频道, Name: CCTV-9, Total: 55, Valid: 28, Valid Percent: 50.91%, IPv4: 55, IPv6: 0, Min Delay: 56 ms, Max Speed: 95.52 M/s, Avg Speed: 10.82 M/s, Max Resolution: 1920x1080
Category: 📺央视频道, Name: CCTV-10, Total: 52, Valid: 27, Valid Percent: 51.92%, IPv4: 52, IPv6: 0, Min Delay: 138 ms, Max Speed: 14.69 M/s, Avg Speed: 4.04 M/s, Max Resolution: 1920x1080
Category: 📺央视频道, Name: CCTV-11, Total: 48, Valid: 23, Valid Percent: 47.92%, IPv4: 48, IPv6: 0, Min Delay: 129 ms, Max Speed: 16.78 M/s, Avg Speed: 2.52 M/s, Max Resolution: 1920x1080
Category: 📺央视频道, Name: CCTV-12, Total: 45, Valid: 24, Valid Percent: 53.33%, IPv4: 45, IPv6: 0, Min Delay: 130 ms, Max Speed: 19.16 M/s, Avg Speed: 2.80 M/s, Max Resolution: 1920x1080
Category: 📺央视频道, Name: CCTV-13, Total: 45, Valid: 21, Valid Percent: 46.67%, IPv4: 45, IPv6: 0, Min Delay: 186 ms, Max Speed: 16.87 M/s, Avg Speed: 3.12 M/s, Max Resolution: 1920x1080
Category: 📺央视频道, Name: CCTV-14, Total: 47, Valid: 24, Valid Percent: 51.06%, IPv4: 47, IPv6: 0, Min Delay: 46 ms, Max Speed: 99.23 M/s, Avg Speed: 7.55 M/s, Max Resolution: 1920x1080
Category: 📺央视频道, Name: CCTV-15, Total: 50, Valid: 23, Valid Percent: 46.00%, IPv4: 50, IPv6: 0, Min Delay: 69 ms, Max Speed: 72.57 M/s, Avg Speed: 7.93 M/s, Max Resolution: 1920x1080
Category: 📺央视频道, Name: CCTV-16, Total: 24, Valid: 15, Valid Percent: 62.50%, IPv4: 24, IPv6: 0, Min Delay: 189 ms, Max Speed: 13.82 M/s, Avg Speed: 4.14 M/s, Max Resolution: 1920x1080
Category: 📺央视频道, Name: CCTV-17, Total: 36, Valid: 21, Valid Percent: 58.33%, IPv4: 36, IPv6: 0, Min Delay: 56 ms, Max Speed: 95.11 M/s, Avg Speed: 14.99 M/s, Max Resolution: 1920x1080
Category: 📺央视频道, Name: CETV-1, Total: 48, Valid: 7, Valid Percent: 14.58%, IPv4: 48, IPv6: 0, Min Delay: 433 ms, Max Speed: 12.42 M/s, Avg Speed: 4.84 M/s, Max Resolution: 1920x1080
Category: 📺央视频道, Name: CETV-2, Total: 30, Valid: 3, Valid Percent: 10.00%, IPv4: 30, IPv6: 0, Min Delay: 318 ms, Max Speed: 16.51 M/s, Avg Speed: 13.07 M/s, Max Resolution: 1280x720
Category: 📺央视频道, Name: CETV-3, Total: 6, Valid: 4, Valid Percent: 66.67%, IPv4: 6, IPv6: 0, Min Delay: 196 ms, Max Speed: 13.59 M/s, Avg Speed: 12.74 M/s, Max Resolution: 1280x720
Category: 📺央视频道, Name: CETV-4, Total: 37, Valid: 3, Valid Percent: 8.11%, IPv4: 37, IPv6: 0, Min Delay: 303 ms, Max Speed: 17.10 M/s, Avg Speed: 12.18 M/s, Max Resolution: 1280x720
Category: 💰央视付费频道, Name: 文化精品, Total: 8, Valid: 5, Valid Percent: 62.50%, IPv4: 8, IPv6: 0, Min Delay: 68 ms, Max Speed: 83.92 M/s, Avg Speed: 23.97 M/s, Max Resolution: 1920x1080
Category: 💰央视付费频道, Name: 央视台球, Total: 7, Valid: 4, Valid Percent: 57.14%, IPv4: 7, IPv6: 0, Min Delay: 346 ms, Max Speed: 14.67 M/s, Avg Speed: 11.39 M/s, Max Resolution: 1920x1080
Category: 💰央视付费频道, Name: 风云音乐, Total: 14, Valid: 7, Valid Percent: 50.00%, IPv4: 14, IPv6: 0, Min Delay: 58 ms, Max Speed: 95.36 M/s, Avg Speed: 33.43 M/s, Max Resolution: 1920x1080
Category: 💰央视付费频道, Name: 世界地理, Total: 3, Valid: 2, Valid Percent: 66.67%, IPv4: 3, IPv6: 0, Min Delay: 303 ms, Max Speed: 14.68 M/s, Avg Speed: 14.09 M/s, Max Resolution: 1920x1080
Category: 💰央视付费频道, Name: 风云足球, Total: 6, Valid: 5, Valid Percent: 83.33%, IPv4: 6, IPv6: 0, Min Delay: 414 ms, Max Speed: 10.78 M/s, Avg Speed: 5.72 M/s, Max Resolution: 1920x1080
Category: 💰央视付费频道, Name: 第一剧场, Total: 20, Valid: 7, Valid Percent: 35.00%, IPv4: 20, IPv6: 0, Min Delay: 74 ms, Max Speed: 74.99 M/s, Avg Speed: 27.85 M/s, Max Resolution: 1920x1080
Category: 💰央视付费频道, Name: 风云剧场, Total: 11, Valid: 5, Valid Percent: 45.45%, IPv4: 11, IPv6: 0, Min Delay: 59 ms, Max Speed: 56.20 M/s, Avg Speed: 24.08 M/s, Max Resolution: 1920x1080
Category: 💰央视付费频道, Name: 怀旧剧场, Total: 12, Valid: 5, Valid Percent: 41.67%, IPv4: 12, IPv6: 0, Min Delay: 119 ms, Max Speed: 29.15 M/s, Avg Speed: 13.64 M/s, Max Resolution: 1920x1080
Category: 💰央视付费频道, Name: 女性时尚, Total: 8, Valid: 3, Valid Percent: 37.50%, IPv4: 8, IPv6: 0, Min Delay: 129 ms, Max Speed: 15.40 M/s, Avg Speed: 11.93 M/s, Max Resolution: 1920x1080
Category: 💰央视付费频道, Name: 高尔夫网球, Total: 8, Valid: 4, Valid Percent: 50.00%, IPv4: 8, IPv6: 0, Min Delay: 25 ms, Max Speed: 17.44 M/s, Avg Speed: 10.92 M/s, Max Resolution: 1920x1080
Category: 💰央视付费频道, Name: 电视指南, Total: 4, Valid: 2, Valid Percent: 50.00%, IPv4: 4, IPv6: 0, Min Delay: 196 ms, Max Speed: 16.46 M/s, Avg Speed: 10.38 M/s, Max Resolution: 1920x1080
Category: 4K频道, Name: 东方卫视4K, Total: 3, Valid: 2, Valid Percent: 66.67%, IPv4: 3, IPv6: 0, Min Delay: 1393 ms, Max Speed: 0.23 M/s, Avg Speed: 0.15 M/s, Max Resolution: 1920x1080
Category: 💰央视付费频道, Name: 兵器科技, Total: 9, Valid: 6, Valid Percent: 66.67%, IPv4: 9, IPv6: 0, Min Delay: 60 ms, Max Speed: 69.52 M/s, Avg Speed: 28.04 M/s, Max Resolution: 1920x1080
Category: 4K频道, Name: 北京卫视4K, Total: 40, Valid: 14, Valid Percent: 35.00%, IPv4: 40, IPv6: 0, Min Delay: 505 ms, Max Speed: 9.36 M/s, Avg Speed: 2.53 M/s, Max Resolution: 1920x1080
Category: 4K频道, Name: 山东卫视4K, Total: 3, Valid: 2, Valid Percent: 66.67%, IPv4: 3, IPv6: 0, Min Delay: 77 ms, Max Speed: 70.81 M/s, Avg Speed: 60.63 M/s, Max Resolution: 3840x2160
Category: 4K频道, Name: 江苏卫视4K, Total: 3, Valid: 2, Valid Percent: 66.67%, IPv4: 3, IPv6: 0, Min Delay: 55 ms, Max Speed: 98.77 M/s, Avg Speed: 49.85 M/s, Max Resolution: 3840x2160
Category: 4K频道, Name: 深圳卫视4K, Total: 2, Valid: 0, Valid Percent: 0.00%, IPv4: 2, IPv6: 0, Min Delay: -1 ms, Max Speed: 0.00 M/s, Avg Speed: 0.00 M/s, Max Resolution: None
Category: 4K频道, Name: 浙江卫视4K, Total: 2, Valid: 1, Valid Percent: 50.00%, IPv4: 2, IPv6: 0, Min Delay: 6595 ms, Max Speed: 0.21 M/s, Avg Speed: 0.21 M/s, Max Resolution: 3840x2160
Category: 4K频道, Name: 湖南卫视4K, Total: 48, Valid: 24, Valid Percent: 50.00%, IPv4: 48, IPv6: 0, Min Delay: 44 ms, Max Speed: 16.78 M/s, Avg Speed: 3.96 M/s, Max Resolution: 3840x2160
Category: 4K频道, Name: 广东卫视4K, Total: 2, Valid: 0, Valid Percent: 0.00%, IPv4: 2, IPv6: 0, Min Delay: -1 ms, Max Speed: 0.00 M/s, Avg Speed: 0.00 M/s, Max Resolution: 3840x2160
Category: 4K频道, Name: 南国都市4K, Total: 2, Valid: 1, Valid Percent: 50.00%, IPv4: 2, IPv6: 0, Min Delay: 2486 ms, Max Speed: 0.61 M/s, Avg Speed: 0.61 M/s, Max Resolution: 1920x1080
Category: 4K频道, Name: 四川卫视4K, Total: 46, Valid: 20, Valid Percent: 43.48%, IPv4: 46, IPv6: 0, Min Delay: 59 ms, Max Speed: 85.82 M/s, Avg Speed: 9.44 M/s, Max Resolution: 3840x2160
Category: 📡卫视频道, Name: 香港卫视, Total: 7, Valid: 1, Valid Percent: 14.29%, IPv4: 7, IPv6: 0, Min Delay: 6872 ms, Max Speed: 0.30 M/s, Avg Speed: 0.30 M/s, Max Resolution: 1280x720
Category: 📡卫视频道, Name: 广东卫视, Total: 44, Valid: 23, Valid Percent: 52.27%, IPv4: 44, IPv6: 0, Min Delay: 115 ms, Max Speed: 17.35 M/s, Avg Speed: 3.23 M/s, Max Resolution: 1920x1080
Category: 📡卫视频道, Name: 浙江卫视, Total: 37, Valid: 19, Valid Percent: 51.35%, IPv4: 37, IPv6: 0, Min Delay: 131 ms, Max Speed: 16.60 M/s, Avg Speed: 4.70 M/s, Max Resolution: 1920x1080
Category: 📡卫视频道, Name: 湖北卫视, Total: 39, Valid: 18, Valid Percent: 46.15%, IPv4: 39, IPv6: 0, Min Delay: 316 ms, Max Speed: 12.57 M/s, Avg Speed: 2.79 M/s, Max Resolution: 1920x1080
Category: 📡卫视频道, Name: 黑龙江卫视, Total: 31, Valid: 15, Valid Percent: 48.39%, IPv4: 31, IPv6: 0, Min Delay: 240 ms, Max Speed: 16.64 M/s, Avg Speed: 2.46 M/s, Max Resolution: 1920x1080
Category: 📡卫视频道, Name: 安徽卫视, Total: 38, Valid: 19, Valid Percent: 50.00%, IPv4: 38, IPv6: 0, Min Delay: 303 ms, Max Speed: 14.66 M/s, Avg Speed: 2.98 M/s, Max Resolution: 1920x1080
Category: 📡卫视频道, Name: 重庆卫视, Total: 36, Valid: 15, Valid Percent: 41.67%, IPv4: 36, IPv6: 0, Min Delay: 304 ms, Max Speed: 14.34 M/s, Avg Speed: 2.88 M/s, Max Resolution: 1920x1080
Category: 📡卫视频道, Name: 东方卫视, Total: 37, Valid: 17, Valid Percent: 45.95%, IPv4: 37, IPv6: 0, Min Delay: 310 ms, Max Speed: 14.98 M/s, Avg Speed: 5.76 M/s, Max Resolution: 1920x1080
Category: 📡卫视频道, Name: 东南卫视, Total: 29, Valid: 14, Valid Percent: 48.28%, IPv4: 29, IPv6: 0, Min Delay: 266 ms, Max Speed: 14.92 M/s, Avg Speed: 3.82 M/s, Max Resolution: 1920x1080
Category: 📡卫视频道, Name: 甘肃卫视, Total: 21, Valid: 10, Valid Percent: 47.62%, IPv4: 21, IPv6: 0, Min Delay: 57 ms, Max Speed: 66.97 M/s, Avg Speed: 10.63 M/s, Max Resolution: 1920x1080
Category: 📡卫视频道, Name: 广西卫视, Total: 30, Valid: 11, Valid Percent: 36.67%, IPv4: 30, IPv6: 0, Min Delay: 278 ms, Max Speed: 17.04 M/s, Avg Speed: 3.73 M/s, Max Resolution: 1920x1080
Category: 📡卫视频道, Name: 贵州卫视, Total: 35, Valid: 17, Valid Percent: 48.57%, IPv4: 35, IPv6: 0, Min Delay: 80 ms, Max Speed: 70.93 M/s, Avg Speed: 8.49 M/s, Max Resolution: 1920x1080
Category: 📡卫视频道, Name: 海南卫视, Total: 16, Valid: 6, Valid Percent: 37.50%, IPv4: 16, IPv6: 0, Min Delay: 438 ms, Max Speed: 11.30 M/s, Avg Speed: 2.11 M/s, Max Resolution: 1920x1080
Category: 📡卫视频道, Name: 河北卫视, Total: 29, Valid: 12, Valid Percent: 41.38%, IPv4: 29, IPv6: 0, Min Delay: 119 ms, Max Speed: 7.61 M/s, Avg Speed: 1.82 M/s, Max Resolution: 1920x1080
Category: 📡卫视频道, Name: 河南卫视, Total: 35, Valid: 12, Valid Percent: 34.29%, IPv4: 35, IPv6: 0, Min Delay: 380 ms, Max Speed: 10.87 M/s, Avg Speed: 3.13 M/s, Max Resolution: 1920x1080
Category: 📡卫视频道, Name: 吉林卫视, Total: 30, Valid: 14, Valid Percent: 46.67%, IPv4: 30, IPv6: 0, Min Delay: 239 ms, Max Speed: 17.57 M/s, Avg Speed: 2.76 M/s, Max Resolution: 1920x1080
Category: 📡卫视频道, Name: 江苏卫视, Total: 42, Valid: 21, Valid Percent: 50.00%, IPv4: 42, IPv6: 0, Min Delay: 66 ms, Max Speed: 81.75 M/s, Avg Speed: 12.42 M/s, Max Resolution: 1920x1080
Category: 📡卫视频道, Name: 江西卫视, Total: 34, Valid: 13, Valid Percent: 38.24%, IPv4: 34, IPv6: 0, Min Delay: 51 ms, Max Speed: 101.72 M/s, Avg Speed: 11.83 M/s, Max Resolution: 1920x1080
Category: 📡卫视频道, Name: 辽宁卫视, Total: 38, Valid: 20, Valid Percent: 52.63%, IPv4: 38, IPv6: 0, Min Delay: 45 ms, Max Speed: 123.88 M/s, Avg Speed: 24.36 M/s, Max Resolution: 1920x1080
Category: 📡卫视频道, Name: 内蒙古卫视, Total: 19, Valid: 11, Valid Percent: 57.89%, IPv4: 19, IPv6: 0, Min Delay: 59 ms, Max Speed: 83.25 M/s, Avg Speed: 25.74 M/s, Max Resolution: 1920x1080
Category: 📡卫视频道, Name: 宁夏卫视, Total: 28, Valid: 15, Valid Percent: 53.57%, IPv4: 28, IPv6: 0, Min Delay: 49 ms, Max Speed: 108.45 M/s, Avg Speed: 28.95 M/s, Max Resolution: 1920x1080
Category: 📡卫视频道, Name: 青海卫视, Total: 23, Valid: 9, Valid Percent: 39.13%, IPv4: 23, IPv6: 0, Min Delay: 109 ms, Max Speed: 50.11 M/s, Avg Speed: 11.45 M/s, Max Resolution: 1920x1080
Category: 📡卫视频道, Name: 山东卫视, Total: 33, Valid: 18, Valid Percent: 54.55%, IPv4: 33, IPv6: 0, Min Delay: 470 ms, Max Speed: 9.40 M/s, Avg Speed: 1.63 M/s, Max Resolution: 1920x1080
Category: 📡卫视频道, Name: 山西卫视, Total: 30, Valid: 13, Valid Percent: 43.33%, IPv4: 30, IPv6: 0, Min Delay: 79 ms, Max Speed: 66.15 M/s, Avg Speed: 11.00 M/s, Max Resolution: 1920x1080
Category: 📡卫视频道, Name: 陕西卫视, Total: 31, Valid: 12, Valid Percent: 38.71%, IPv4: 31, IPv6: 0, Min Delay: 58 ms, Max Speed: 83.40 M/s, Avg Speed: 25.55 M/s, Max Resolution: 1920x1080
Category: 📡卫视频道, Name: 深圳卫视, Total: 31, Valid: 22, Valid Percent: 70.97%, IPv4: 31, IPv6: 0, Min Delay: 311 ms, Max Speed: 15.79 M/s, Avg Speed: 3.47 M/s, Max Resolution: 1920x1080
Category: 📡卫视频道, Name: 三沙卫视, Total: 11, Valid: 6, Valid Percent: 54.55%, IPv4: 11, IPv6: 0, Min Delay: 217 ms, Max Speed: 15.04 M/s, Avg Speed: 5.90 M/s, Max Resolution: 1920x1080
Category: 📡卫视频道, Name: 天津卫视, Total: 31, Valid: 17, Valid Percent: 54.84%, IPv4: 31, IPv6: 0, Min Delay: 265 ms, Max Speed: 16.54 M/s, Avg Speed: 3.02 M/s, Max Resolution: 1920x1080
Category: 📡卫视频道, Name: 西藏卫视, Total: 15, Valid: 8, Valid Percent: 53.33%, IPv4: 15, IPv6: 0, Min Delay: 59 ms, Max Speed: 88.06 M/s, Avg Speed: 25.42 M/s, Max Resolution: 1920x1080
Category: 📡卫视频道, Name: 新疆卫视, Total: 24, Valid: 15, Valid Percent: 62.50%, IPv4: 24, IPv6: 0, Min Delay: 48 ms, Max Speed: 86.09 M/s, Avg Speed: 19.52 M/s, Max Resolution: 1920x1080
Category: 🌊港·澳·台, Name: 纬来体育, Total: 2, Valid: 0, Valid Percent: 0.00%, IPv4: 2, IPv6: 0, Min Delay: -1 ms, Max Speed: 0.00 M/s, Avg Speed: 0.00 M/s, Max Resolution: 1280x720
Category: 📡卫视频道, Name: 云南卫视, Total: 26, Valid: 11, Valid Percent: 42.31%, IPv4: 26, IPv6: 0, Min Delay: 328 ms, Max Speed: 13.84 M/s, Avg Speed: 5.88 M/s, Max Resolution: 1920x1080
Category: 🌊港·澳·台, Name: 纬来育乐, Total: 5, Valid: 0, Valid Percent: 0.00%, IPv4: 5, IPv6: 0, Min Delay: -1 ms, Max Speed: 0.00 M/s, Avg Speed: 0.00 M/s, Max Resolution: 1280x720
Category: 🌊港·澳·台, Name: 三立新闻, Total: 1, Valid: 0, Valid Percent: 0.00%, IPv4: 1, IPv6: 0, Min Delay: -1 ms, Max Speed: 0.00 M/s, Avg Speed: 0.00 M/s, Max Resolution: None
Category: 🌊港·澳·台, Name: 东森综合, Total: 1, Valid: 0, Valid Percent: 0.00%, IPv4: 1, IPv6: 0, Min Delay: -1 ms, Max Speed: 0.00 M/s, Avg Speed: 0.00 M/s, Max Resolution: None
Category: 🌊港·澳·台, Name: 翡翠台, Total: 11, Valid: 1, Valid Percent: 9.09%, IPv4: 11, IPv6: 0, Min Delay: 168 ms, Max Speed: 1.74 M/s, Avg Speed: 1.74 M/s, Max Resolution: 1920x1080
Category: 🌊港·澳·台, Name: Now剧集, Total: 1, Valid: 0, Valid Percent: 0.00%, IPv4: 1, IPv6: 0, Min Delay: -1 ms, Max Speed: 0.00 M/s, Avg Speed: 0.00 M/s, Max Resolution: 1280x720
Category: 🌊港·澳·台, Name: 明珠台, Total: 3, Valid: 1, Valid Percent: 33.33%, IPv4: 3, IPv6: 0, Min Delay: 6073 ms, Max Speed: 0.03 M/s, Avg Speed: 0.03 M/s, Max Resolution: 1920x1080
Category: 🌊港·澳·台, Name: 靖天资讯, Total: 3, Valid: 0, Valid Percent: 0.00%, IPv4: 3, IPv6: 0, Min Delay: -1 ms, Max Speed: 0.00 M/s, Avg Speed: 0.00 M/s, Max Resolution: None
Category: 🌊港·澳·台, Name: 东森超视, Total: 2, Valid: 1, Valid Percent: 50.00%, IPv4: 2, IPv6: 0, Min Delay: 2693 ms, Max Speed: 0.56 M/s, Avg Speed: 0.56 M/s, Max Resolution: 1920x1080
Category: 🌊港·澳·台, Name: Now华剧, Total: 1, Valid: 0, Valid Percent: 0.00%, IPv4: 1, IPv6: 0, Min Delay: -1 ms, Max Speed: 0.00 M/s, Avg Speed: 0.00 M/s, Max Resolution: 1280x720
Category: 🌊港·澳·台, Name: 凤凰资讯, Total: 10, Valid: 5, Valid Percent: 50.00%, IPv4: 10, IPv6: 0, Min Delay: 158 ms, Max Speed: 8.58 M/s, Avg Speed: 1.98 M/s, Max Resolution: 1920x1080
Category: 🌊港·澳·台, Name: TVBS亚洲, Total: 5, Valid: 4, Valid Percent: 80.00%, IPv4: 5, IPv6: 0, Min Delay: 1657 ms, Max Speed: 1.02 M/s, Avg Speed: 0.72 M/s, Max Resolution: 1920x1080
Category: 🌊港·澳·台, Name: 凤凰中文, Total: 16, Valid: 5, Valid Percent: 31.25%, IPv4: 16, IPv6: 0, Min Delay: 466 ms, Max Speed: 0.94 M/s, Avg Speed: 0.29 M/s, Max Resolution: 1920x1080
Category: 🌊港·澳·台, Name: 星卫娱乐, Total: 2, Valid: 1, Valid Percent: 50.00%, IPv4: 2, IPv6: 0, Min Delay: 6225 ms, Max Speed: 0.10 M/s, Avg Speed: 0.10 M/s, Max Resolution: 1920x1080
Category: 🌊港·澳·台, Name: 凤凰香港, Total: 7, Valid: 4, Valid Percent: 57.14%, IPv4: 7, IPv6: 0, Min Delay: 155 ms, Max Speed: 8.58 M/s, Avg Speed: 2.63 M/s, Max Resolution: 1280x720
Category: 🌊港·澳·台, Name: 东森电影, Total: 3, Valid: 0, Valid Percent: 0.00%, IPv4: 3, IPv6: 0, Min Delay: -1 ms, Max Speed: 0.00 M/s, Avg Speed: 0.00 M/s, Max Resolution: None
